ROUTER 1:

R1#conf
Configuring from terminal, memory, or network [terminal]?
Enter configuration commands, one per line.  End with CNTL/Z.
R1(config)#interface Fastethernet 0/0
R1(config-if)#description to R2
R1(config-if)#ip address 1.1.1.1 255.255.255.252
R1(config-if)#no shut
R1(config-if)#
*Nov 23 19:18:39.299: %LINK-3-UPDOWN: Interface FastEthernet0/0, changed state to up
R1(config-if)#
*Nov 23 19:18:40.299: %LINEPROTO-5-UPDOWN: Line protocol on Interface FastEthernet0/0, changed state to up
R1(config-if)#exit
R1(config)#interface fastEthernet 1/0
R1(config-if)# description To Local LAN
R1(config-if)#ip address 192.168.1.1 255.255.255.0
R1(config-if)#no shut
R1(config-if)#
*Nov 23 19:30:04.123: %LINK-3-UPDOWN: Interface FastEthernet1/0, changed state to up
R1(config-if)#
*Nov 23 19:30:05.123: %LINEPROTO-5-UPDOWN: Line protocol on Interface FastEthernet1/0, changed state to up
R1(config-if)#exit
R1(config)#end
R1#
*Nov 23 19:30:17.379: %SYS-5-CONFIG_I: Configured from console by console
R1#write memory
Warning: Attempting to overwrite an NVRAM configuration previously written
by a different version of the system image.
Overwrite the previous NVRAM configuration?[confirm]
Building configuration...
[OK]
R1#interface brief
    ^
% Invalid input detected at '^' marker.

R1#ip interface brief
    ^
% Invalid input detected at '^' marker.

R1#sh ip interface brief
Interface              IP-Address      OK? Method Status                Protocol
FastEthernet0/0        1.1.1.1         YES manual up                    up
FastEthernet1/0        192.168.1.1     YES manual up                    up
FastEthernet1/1        unassigned      YES unset  administratively down down

ROUTER-2:
R2#conf t
Enter configuration commands, one per line.  End with CNTL/Z.
R2(config)#interface fastEthernet 0/0
R2(config-if)#ip address 1.1.1.2 255.255.255.252
R2(config-if)#no shut
R2(config-if)#
*Nov 23 19:35:57.227: %LINK-3-UPDOWN: Interface FastEthernet0/0, changed state to up
*Nov 23 19:35:58.227: %LINEPROTO-5-UPDOWN: Line protocol on Interface FastEthernet0/0, changed state to up
R2(config-if)#description To R1
R2(config-if)#exit
R2(config)#interface fastEthernet 1/0
R2(config-if)#description To R3
R2(config-if)#ip address 2.2.2.2 255.255.255.252
R2(config-if)#no shut
R2(config-if)#
*Nov 23 19:37:16.591: %LINK-3-UPDOWN: Interface FastEthernet1/0, changed state to up
*Nov 23 19:37:17.591: %LINEPROTO-5-UPDOWN: Line protocol on Interface FastEthernet1/0, changed state to up
R2(config-if)#end
R2#
*Nov 23 19:37:25.655: %SYS-5-CONFIG_I: Configured from console by console
R2#wr
Warning: Attempting to overwrite an NVRAM configuration previously written
by a different version of the system image.
Overwrite the previous NVRAM configuration?[confirm]
Building configuration...
[OK]
R2#sh ip interface brief
Interface              IP-Address      OK? Method Status                Protocol
FastEthernet0/0        1.1.1.2         YES manual up                    up
FastEthernet1/0        2.2.2.2         YES manual up                    up
FastEthernet1/1        unassigned      YES unset  administratively down down
R2#conf t

ROUTER-3:
R3#conf t
Enter configuration commands, one per line.  End with CNTL/Z.
R3(config)#interface  fastEthernet 1/0
R3(config-if)#description To R2
R3(config-if)#ip address 2.2.2.1 255.255.255.252
R3(config-if)#no shut
R3(config-if)#
*Nov 23 19:40:44.711: %LINK-3-UPDOWN: Interface FastEthernet1/0, changed state to up
*Nov 23 19:40:45.711: %LINEPROTO-5-UPDOWN: Line protocol on Interface FastEthernet1/0, changed state to up
R3(config-if)#exit
R3(config)#interface fastEthernet 0/0
R3(config-if)#description To Local LAN
R3(config-if)#ip address 172.16.1.1 255.255.0
% Incomplete command.

R3(config-if)#ip address 172.16.1.1 255.255.255.0
R3(config-if)#no shut
R3(config-if)#
*Nov 23 19:42:11.351: %LINK-3-UPDOWN: Interface FastEthernet0/0, changed state to up
*Nov 23 19:42:12.351: %LINEPROTO-5-UPDOWN: Line protocol on Interface FastEthernet0/0, changed state to up
R3(config-if)#end
R3#
*Nov 23 19:42:15.963: %SYS-5-CONFIG_I: Configured from console by console
R3#wr
Warning: Attempting to overwrite an NVRAM configuration previously written
by a different version of the system image.
Overwrite the previous NVRAM configuration?[confirm]
Building configuration...
[OK]
R3#sh ip interface brief
Interface              IP-Address      OK? Method Status                Protocol
FastEthernet0/0        172.16.1.1      YES manual up                    up
FastEthernet1/0        2.2.2.1         YES manual up                    up
FastEthernet1/1        unassigned      YES unset  administratively down down
